// Jest Snapshot v1, https://goo.gl/fbAQLP

exports[`ButtonGroup renders correctly 1`] = `
<DocumentFragment>
  .emotion-4 {
  display: -webkit-inline-box;
  display: -webkit-inline-flex;
  display: -ms-inline-flexbox;
  display: inline-flex;
}

.emotion-4 > *:not(style) ~ *:not(style) {
  margin-left: 0.5rem;
}

.emotion-0 {
  display: -webkit-inline-box;
  display: -webkit-inline-flex;
  display: -ms-inline-flexbox;
  display: inline-flex;
  -webkit-appearance: none;
  -moz-appearance: none;
  appearance: none;
  -webkit-align-items: center;
  -webkit-box-align: center;
  -ms-flex-align: center;
  align-items: center;
  -webkit-box-pack: center;
  -webkit-justify-content: center;
  -ms-flex-pack: center;
  justify-content: center;
  -webkit-transition: all 250ms;
  transition: all 250ms;
  -webkit-user-select: none;
  -moz-user-select: none;
  -ms-user-select: none;
  user-select: none;
  position: relative;
  white-space: nowrap;
  vertical-align: middle;
  outline: none;
  width: auto;
  line-height: 1.2;
  border-radius: 0.25rem;
  font-weight: 600;
  height: 2.5rem;
  min-width: 2.5rem;
  font-size: 1rem;
  padding-left: 1rem;
  padding-right: 1rem;
  background: #EDF2F7;
}

.emotion-0:focus,
.emotion-0[data-focus] {
  box-shadow: 0 0 0 3px rgba(66,153,225,0.6);
  z-index: 1;
}

.emotion-0[disabled],
.emotion-0[disabled]:focus,
.emotion-0[disabled]:hover,
.emotion-0[aria-disabled=true],
.emotion-0[aria-disabled=true]:focus,
.emotion-0[aria-disabled=true]:hover,
.emotion-0[data-disabled],
.emotion-0[data-disabled]:focus,
.emotion-0[data-disabled]:hover {
  opacity: 0.4;
  cursor: not-allowed;
  box-shadow: none;
}

.emotion-0:hover,
.emotion-0[data-hover] {
  background: #E2E8F0;
}

.emotion-0:active,
.emotion-0[data-active] {
  background: #CBD5E0;
}

<div
    class="chakra-button__group emotion-4"
    role="group"
  >
    <button
      class="chakra-button emotion-0"
      type="button"
    >
      Button 1
    </button>
    <button
      class="chakra-button emotion-0"
      type="button"
    >
      Button 2
    </button>
    <button
      class="chakra-button emotion-0"
      type="button"
    >
      Button 3
    </button>
    <button
      class="chakra-button emotion-0"
      type="button"
    >
      Button 4
    </button>
  </div>
</DocumentFragment>
`;
