// Jest Snapshot v1, https://goo.gl/fbAQLP

exports[`matches snapshot 1`] = `
<DocumentFragment>
  .emotion-0 {
  display: -webkit-inline-box;
  display: -webkit-inline-flex;
  display: -ms-inline-flexbox;
  display: inline-flex;
  -webkit-appearance: none;
  -moz-appearance: none;
  appearance: none;
  -webkit-align-items: center;
  -webkit-box-align: center;
  -ms-flex-align: center;
  align-items: center;
  -webkit-box-pack: center;
  -webkit-justify-content: center;
  -ms-flex-pack: center;
  justify-content: center;
  -webkit-transition: all 250ms;
  transition: all 250ms;
  -webkit-user-select: none;
  -moz-user-select: none;
  -ms-user-select: none;
  user-select: none;
  position: relative;
  white-space: nowrap;
  vertical-align: middle;
  outline: none;
  width: auto;
  line-height: 1.2;
  border-radius: 0.25rem;
  font-weight: 600;
  height: 2.5rem;
  min-width: 2.5rem;
  font-size: 1rem;
  padding-left: 1rem;
  padding-right: 1rem;
  background: #EDF2F7;
}

.emotion-0:focus,
.emotion-0[data-focus] {
  box-shadow: 0 0 0 3px rgba(66,153,225,0.6);
}

.emotion-0[disabled],
.emotion-0[disabled]:focus,
.emotion-0[disabled]:hover,
.emotion-0[aria-disabled=true],
.emotion-0[aria-disabled=true]:focus,
.emotion-0[aria-disabled=true]:hover,
.emotion-0[data-disabled],
.emotion-0[data-disabled]:focus,
.emotion-0[data-disabled]:hover {
  opacity: 0.4;
  cursor: not-allowed;
  box-shadow: none;
}

.emotion-0:hover,
.emotion-0[data-hover] {
  background: #E2E8F0;
}

.emotion-0:active,
.emotion-0[data-active] {
  background: #CBD5E0;
}

<button
    class="chakra-button emotion-0"
    type="button"
  >
    test
  </button>
</DocumentFragment>
`;

exports[`matches snapshot with icons 1`] = `
<DocumentFragment>
  .emotion-6 {
  display: -webkit-inline-box;
  display: -webkit-inline-flex;
  display: -ms-inline-flexbox;
  display: inline-flex;
}

.emotion-6 > *:not(style) ~ *:not(style) {
  margin-left: 0.5rem;
}

.emotion-2 {
  display: -webkit-inline-box;
  display: -webkit-inline-flex;
  display: -ms-inline-flexbox;
  display: inline-flex;
  -webkit-appearance: none;
  -moz-appearance: none;
  appearance: none;
  -webkit-align-items: center;
  -webkit-box-align: center;
  -ms-flex-align: center;
  align-items: center;
  -webkit-box-pack: center;
  -webkit-justify-content: center;
  -ms-flex-pack: center;
  justify-content: center;
  -webkit-transition: all 250ms;
  transition: all 250ms;
  -webkit-user-select: none;
  -moz-user-select: none;
  -ms-user-select: none;
  user-select: none;
  position: relative;
  white-space: nowrap;
  vertical-align: middle;
  outline: none;
  width: auto;
  line-height: 1.2;
  border-radius: 0.25rem;
  font-weight: 600;
  height: 2.5rem;
  min-width: 2.5rem;
  font-size: 1rem;
  padding-left: 1rem;
  padding-right: 1rem;
  background: #EDF2F7;
}

.emotion-2:focus,
.emotion-2[data-focus] {
  box-shadow: 0 0 0 3px rgba(66,153,225,0.6);
  z-index: 1;
}

.emotion-2[disabled],
.emotion-2[disabled]:focus,
.emotion-2[disabled]:hover,
.emotion-2[aria-disabled=true],
.emotion-2[aria-disabled=true]:focus,
.emotion-2[aria-disabled=true]:hover,
.emotion-2[data-disabled],
.emotion-2[data-disabled]:focus,
.emotion-2[data-disabled]:hover {
  opacity: 0.4;
  cursor: not-allowed;
  box-shadow: none;
}

.emotion-2:hover,
.emotion-2[data-hover] {
  background: #E2E8F0;
}

.emotion-2:active,
.emotion-2[data-active] {
  background: #CBD5E0;
}

.emotion-1 {
  margin-right: 0.5rem;
}

.emotion-0 {
  width: 1em;
  height: 1em;
  display: inline-block;
  line-height: 1em;
  -webkit-flex-shrink: 0;
  -ms-flex-negative: 0;
  flex-shrink: 0;
  color: currentColor;
  vertical-align: middle;
}

.emotion-4 {
  margin-left: 0.5rem;
}

<div
    class="chakra-button__group emotion-6"
    role="group"
  >
    <button
      class="chakra-button emotion-2"
      type="button"
    >
      <span
        class="chakra-button__icon emotion-1"
      >
        <svg
          aria-hidden="true"
          class="chakra-icon emotion-0"
          focusable="false"
          viewBox="0 0 24 24"
        >
          <g
            fill="currentColor"
          >
            <path
              d="M11.114,14.556a1.252,1.252,0,0,0,1.768,0L22.568,4.87a.5.5,0,0,0-.281-.849A1.966,1.966,0,0,0,22,4H2a1.966,1.966,0,0,0-.289.021.5.5,0,0,0-.281.849Z"
            />
            <path
              d="M23.888,5.832a.182.182,0,0,0-.2.039l-6.2,6.2a.251.251,0,0,0,0,.354l5.043,5.043a.75.75,0,1,1-1.06,1.061l-5.043-5.043a.25.25,0,0,0-.354,0l-2.129,2.129a2.75,2.75,0,0,1-3.888,0L7.926,13.488a.251.251,0,0,0-.354,0L2.529,18.531a.75.75,0,0,1-1.06-1.061l5.043-5.043a.251.251,0,0,0,0-.354l-6.2-6.2a.18.18,0,0,0-.2-.039A.182.182,0,0,0,0,6V18a2,2,0,0,0,2,2H22a2,2,0,0,0,2-2V6A.181.181,0,0,0,23.888,5.832Z"
            />
          </g>
        </svg>
      </span>
      Email
    </button>
    <button
      class="chakra-button emotion-2"
      type="button"
    >
      Arrow Forward
      <span
        class="chakra-button__icon emotion-4"
      >
        <svg
          aria-hidden="true"
          class="chakra-icon emotion-0"
          focusable="false"
          viewBox="0 0 24 24"
        >
          <path
            d="M12 4l-1.41 1.41L16.17 11H4v2h12.17l-5.58 5.59L12 20l8-8z"
            fill="currentColor"
          />
        </svg>
      </span>
    </button>
  </div>
</DocumentFragment>
`;

exports[`shows spinner and loading text if isLoading and loadingText 1`] = `
<DocumentFragment>
  @keyframes animation-0 {
  0% {
    -webkit-transform: rotate(0deg);
    -ms-transform: rotate(0deg);
    transform: rotate(0deg);
  }

  100% {
    -webkit-transform: rotate(360deg);
    -ms-transform: rotate(360deg);
    transform: rotate(360deg);
  }
}

.emotion-3 {
  display: -webkit-inline-box;
  display: -webkit-inline-flex;
  display: -ms-inline-flexbox;
  display: inline-flex;
  -webkit-appearance: none;
  -moz-appearance: none;
  appearance: none;
  -webkit-align-items: center;
  -webkit-box-align: center;
  -ms-flex-align: center;
  align-items: center;
  -webkit-box-pack: center;
  -webkit-justify-content: center;
  -ms-flex-pack: center;
  justify-content: center;
  -webkit-transition: all 250ms;
  transition: all 250ms;
  -webkit-user-select: none;
  -moz-user-select: none;
  -ms-user-select: none;
  user-select: none;
  position: relative;
  white-space: nowrap;
  vertical-align: middle;
  outline: none;
  width: auto;
  line-height: 1.2;
  border-radius: 0.25rem;
  font-weight: 600;
  height: 2.5rem;
  min-width: 2.5rem;
  font-size: 1rem;
  padding-left: 1rem;
  padding-right: 1rem;
  background: #EDF2F7;
}

.emotion-3:focus,
.emotion-3[data-focus] {
  box-shadow: 0 0 0 3px rgba(66,153,225,0.6);
}

.emotion-3[disabled],
.emotion-3[disabled]:focus,
.emotion-3[disabled]:hover,
.emotion-3[aria-disabled=true],
.emotion-3[aria-disabled=true]:focus,
.emotion-3[aria-disabled=true]:hover,
.emotion-3[data-disabled],
.emotion-3[data-disabled]:focus,
.emotion-3[data-disabled]:hover {
  opacity: 0.4;
  cursor: not-allowed;
  box-shadow: none;
}

.emotion-3:hover,
.emotion-3[data-hover] {
  background: #E2E8F0;
}

.emotion-3:active,
.emotion-3[data-active] {
  background: #CBD5E0;
}

.emotion-1 {
  display: inline-block;
  border-color: currentColor;
  border-style: solid;
  border-radius: 99999px;
  border-width: 2px;
  border-bottom-color: transparent;
  border-left-color: transparent;
  color: currentColor;
  -webkit-animation: animation-0 0.45s linear infinite;
  animation: animation-0 0.45s linear infinite;
  width: 1em;
  height: 1em;
}

.emotion-0 {
  border: 0px;
  -webkit-clip: rect(0px,0px,0px,0px);
  clip: rect(0px,0px,0px,0px);
  height: 1px;
  width: 1px;
  margin: -1px;
  padding: 0px;
  overflow: hidden;
  white-space: nowrap;
  position: absolute;
}

.emotion-2 {
  display: -webkit-box;
  display: -webkit-flex;
  display: -ms-flexbox;
  display: flex;
  -webkit-align-items: center;
  -webkit-box-align: center;
  -ms-flex-align: center;
  align-items: center;
  position: relative;
  margin-right: 0.5rem;
  font-size: 1em;
  line-height: normal;
}

<button
    class="chakra-button emotion-3"
    data-loading=""
    disabled=""
    type="button"
  >
    <div
      class="chakra-button__spinner emotion-2"
    >
      <div
        class="chakra-spinner emotion-1"
      >
        <span
          class="emotion-0"
        >
          Loading...
        </span>
      </div>
    </div>
    Submitting
  </button>
</DocumentFragment>
`;

exports[`shows spinner if isLoading 1`] = `
<DocumentFragment>
  @keyframes animation-0 {
  0% {
    -webkit-transform: rotate(0deg);
    -ms-transform: rotate(0deg);
    transform: rotate(0deg);
  }

  100% {
    -webkit-transform: rotate(360deg);
    -ms-transform: rotate(360deg);
    transform: rotate(360deg);
  }
}

.emotion-4 {
  display: -webkit-inline-box;
  display: -webkit-inline-flex;
  display: -ms-inline-flexbox;
  display: inline-flex;
  -webkit-appearance: none;
  -moz-appearance: none;
  appearance: none;
  -webkit-align-items: center;
  -webkit-box-align: center;
  -ms-flex-align: center;
  align-items: center;
  -webkit-box-pack: center;
  -webkit-justify-content: center;
  -ms-flex-pack: center;
  justify-content: center;
  -webkit-transition: all 250ms;
  transition: all 250ms;
  -webkit-user-select: none;
  -moz-user-select: none;
  -ms-user-select: none;
  user-select: none;
  position: relative;
  white-space: nowrap;
  vertical-align: middle;
  outline: none;
  width: auto;
  line-height: 1.2;
  border-radius: 0.25rem;
  font-weight: 600;
  height: 2.5rem;
  min-width: 2.5rem;
  font-size: 1rem;
  padding-left: 1rem;
  padding-right: 1rem;
  background: #EDF2F7;
}

.emotion-4:focus,
.emotion-4[data-focus] {
  box-shadow: 0 0 0 3px rgba(66,153,225,0.6);
}

.emotion-4[disabled],
.emotion-4[disabled]:focus,
.emotion-4[disabled]:hover,
.emotion-4[aria-disabled=true],
.emotion-4[aria-disabled=true]:focus,
.emotion-4[aria-disabled=true]:hover,
.emotion-4[data-disabled],
.emotion-4[data-disabled]:focus,
.emotion-4[data-disabled]:hover {
  opacity: 0.4;
  cursor: not-allowed;
  box-shadow: none;
}

.emotion-4:hover,
.emotion-4[data-hover] {
  background: #E2E8F0;
}

.emotion-4:active,
.emotion-4[data-active] {
  background: #CBD5E0;
}

.emotion-2 {
  display: -webkit-box;
  display: -webkit-flex;
  display: -ms-flexbox;
  display: flex;
  -webkit-align-items: center;
  -webkit-box-align: center;
  -ms-flex-align: center;
  align-items: center;
  position: absolute;
  margin-right: 0;
  font-size: 1em;
  line-height: normal;
}

.emotion-1 {
  display: inline-block;
  border-color: currentColor;
  border-style: solid;
  border-radius: 99999px;
  border-width: 2px;
  border-bottom-color: transparent;
  border-left-color: transparent;
  color: currentColor;
  -webkit-animation: animation-0 0.45s linear infinite;
  animation: animation-0 0.45s linear infinite;
  width: 1em;
  height: 1em;
}

.emotion-0 {
  border: 0px;
  -webkit-clip: rect(0px,0px,0px,0px);
  clip: rect(0px,0px,0px,0px);
  height: 1px;
  width: 1px;
  margin: -1px;
  padding: 0px;
  overflow: hidden;
  white-space: nowrap;
  position: absolute;
}

.emotion-3 {
  opacity: 0;
}

<button
    class="chakra-button emotion-4"
    data-loading=""
    disabled=""
    type="button"
  >
    <div
      class="chakra-button__spinner emotion-2"
    >
      <div
        class="chakra-spinner emotion-1"
      >
        <span
          class="emotion-0"
        >
          Loading...
        </span>
      </div>
    </div>
    <span
      class="emotion-3"
    >
      Email
    </span>
  </button>
</DocumentFragment>
`;
