// Jest Snapshot v1, https://goo.gl/fbAQLP

exports[`should render correctly 1`] = `
<DocumentFragment>
  <div
    class="css-crswnv"
    role="alert"
  >
    <span
      class="css-1r2hu4v"
    >
      <svg
        class="css-14thacp"
        focusable="false"
        role="presentation"
        viewBox="0 0 24 24"
      >
        <path
          d="M12,0A12,12,0,1,0,24,12,12.013,12.013,0,0,0,12,0Zm.25,5a1.5,1.5,0,1,1-1.5,1.5A1.5,1.5,0,0,1,12.25,5ZM14.5,18.5h-4a1,1,0,0,1,0-2h.75a.25.25,0,0,0,.25-.25v-4.5a.25.25,0,0,0-.25-.25H10.5a1,1,0,0,1,0-2h1a2,2,0,0,1,2,2v4.75a.25.25,0,0,0,.25.25h.75a1,1,0,1,1,0,2Z"
          fill="currentColor"
        />
      </svg>
    </span>
    <div
      class="css-1q1sx94"
    >
      Alert title
    </div>
    <div
      class="css-i5e2tp"
    >
      Alert description
    </div>
  </div>
</DocumentFragment>
`;
