// Jest Snapshot v1, https://goo.gl/fbAQLP

exports[`rendering should render correctly 1`] = `
<DocumentFragment>
  .emotion-3 {
  display: inline-block;
  position: relative;
  cursor: pointer;
  width: 100%;
}

.emotion-3[disabled],
.emotion-3[disabled]:focus,
.emotion-3[disabled]:hover,
.emotion-3[aria-disabled=true],
.emotion-3[aria-disabled=true]:focus,
.emotion-3[aria-disabled=true]:hover,
.emotion-3[data-disabled],
.emotion-3[data-disabled]:focus,
.emotion-3[data-disabled]:hover {
  opacity: 0.6;
  cursor: default;
  pointer-events: none;
}

.emotion-1 {
  overflow: hidden;
  border-radius: 0.125rem;
  background: #E2E8F0;
  height: 4px;
}

.emotion-1[disabled],
.emotion-1[disabled]:focus,
.emotion-1[disabled]:hover,
.emotion-1[aria-disabled=true],
.emotion-1[aria-disabled=true]:focus,
.emotion-1[aria-disabled=true]:hover,
.emotion-1[data-disabled],
.emotion-1[data-disabled]:focus,
.emotion-1[data-disabled]:hover {
  background: #CBD5E0;
}

.emotion-0 {
  width: inherit;
  height: inherit;
  background: #E53E3E;
}

.emotion-2 {
  z-index: 1;
  border-radius: 9999px;
  background: #FFFFFF;
  box-shadow: 0 1px 3px 0 rgba(0,0,0,0.1),0 1px 2px 0 rgba(0,0,0,0.06);
  border: 1px solid;
  border-color: transparent;
  -webkit-transition: -webkit-transform 0.2s;
  -webkit-transition: transform 0.2s;
  transition: transform 0.2s;
  top: 50%;
  -webkit-transform: translateY(-50%);
  -ms-transform: translateY(-50%);
  transform: translateY(-50%);
  width: 14px;
  height: 14px;
  display: -webkit-box;
  display: -webkit-flex;
  display: -ms-flexbox;
  display: flex;
  -webkit-align-items: center;
  -webkit-box-align: center;
  -ms-flex-align: center;
  align-items: center;
  -webkit-box-pack: center;
  -webkit-justify-content: center;
  -ms-flex-pack: center;
  justify-content: center;
  position: absolute;
  outline: 0;
}

.emotion-2:focus,
.emotion-2[data-focus] {
  box-shadow: 0 0 0 3px rgba(66,153,225,0.6);
}

.emotion-2[disabled],
.emotion-2[disabled]:focus,
.emotion-2[disabled]:hover,
.emotion-2[aria-disabled=true],
.emotion-2[aria-disabled=true]:focus,
.emotion-2[aria-disabled=true]:hover,
.emotion-2[data-disabled],
.emotion-2[data-disabled]:focus,
.emotion-2[data-disabled]:hover {
  background: #CBD5E0;
}

.emotion-2:active,
.emotion-2[data-active] {
  -webkit-transform: translateY(-50%) scale(1.15);
  -ms-transform: translateY(-50%) scale(1.15);
  transform: translateY(-50%) scale(1.15);
}

<div
    class="chakra-slider emotion-3"
    style="position: relative; user-select: none; outline: 0; padding-top: 0px; padding-bottom: 0px;"
    tabindex="-1"
  >
    <div
      class="chakra-slider__track emotion-1"
      id="slider-track-1"
      style="position: absolute; top: 50%; transform: translateY(-50%); width: 100%;"
    >
      <div
        class="chakra-slider__filled-track emotion-0"
        style="position: absolute; top: 50%; transform: translateY(-50%); width: 50%; left: 0px;"
      />
    </div>
    <div
      aria-label="slider-1"
      aria-orientation="horizontal"
      aria-valuemax="100"
      aria-valuemin="0"
      aria-valuenow="50"
      class="chakra-slider__thumb emotion-2"
      id="slider-thumb-1"
      role="slider"
      style="position: absolute; user-select: none;"
      tabindex="0"
    />
    <input
      type="hidden"
      value="50"
    />
  </div>
</DocumentFragment>
`;
