// Jest Snapshot v1, https://goo.gl/fbAQLP

exports[`Textarea renders correctly 1`] = `
<DocumentFragment>
  .emotion-0 {
  width: 100%;
  outline: 0;
  position: relative;
  -webkit-appearance: none;
  -moz-appearance: none;
  appearance: none;
  -webkit-transition: all 0.2s;
  transition: all 0.2s;
  padding-top: 8px;
  padding-bottom: 8px;
  min-height: 80px;
  line-height: 1.375;
  font-size: 1rem;
  padding-left: 1rem;
  padding-right: 1rem;
  height: 2.5rem;
  border-radius: 0.25rem;
  border: 1px solid;
  border-color: inherit;
  background: #FFFFFF;
}

.emotion-0:hover,
.emotion-0[data-hover] {
  border-color: #CBD5E0;
}

.emotion-0[aria-readonly=true],
.emotion-0[readonly],
.emotion-0[data-readonly] {
  box-shadow: none !important;
  -webkit-user-select: all;
  -moz-user-select: all;
  -ms-user-select: all;
  user-select: all;
}

.emotion-0[disabled],
.emotion-0[disabled]:focus,
.emotion-0[disabled]:hover,
.emotion-0[aria-disabled=true],
.emotion-0[aria-disabled=true]:focus,
.emotion-0[aria-disabled=true]:hover,
.emotion-0[data-disabled],
.emotion-0[data-disabled]:focus,
.emotion-0[data-disabled]:hover {
  opacity: 0.4;
  cursor: not-allowed;
}

.emotion-0:focus,
.emotion-0[data-focus] {
  z-index: 1;
  border-color: #3182CE;
  box-shadow: 0 0 0 1px #3182CE;
}

.emotion-0[aria-invalid=true],
.emotion-0[data-invalid] {
  border-color: #E53E3E;
  box-shadow: 0 0 0 1px #E53E3E;
}

<textarea
    class="chakra-textarea emotion-0"
  >
    hello
  </textarea>
</DocumentFragment>
`;
