// Jest Snapshot v1, https://goo.gl/fbAQLP

exports[`PinInput renders correctly 1`] = `
<DocumentFragment>
  <input
    aria-label="Please enter your pin code"
    autocomplete="not-allowed"
    id="pin-input-1-0"
    inputmode="numeric"
    placeholder="○"
    value=""
  />
  <input
    aria-label="Please enter your pin code"
    autocomplete="not-allowed"
    id="pin-input-1-1"
    inputmode="numeric"
    placeholder="○"
    value=""
  />
  <input
    aria-label="Please enter your pin code"
    autocomplete="not-allowed"
    id="pin-input-1-2"
    inputmode="numeric"
    placeholder="○"
    value=""
  />
  <input
    aria-label="Please enter your pin code"
    autocomplete="not-allowed"
    id="pin-input-1-3"
    inputmode="numeric"
    placeholder="○"
    value=""
  />
</DocumentFragment>
`;
