// Jest Snapshot v1, https://goo.gl/fbAQLP

exports[`Radio renders correctly 1`] = `
<DocumentFragment>
  <label
    class="css-h82fce"
  >
    <input
      style="border: 0px; clip: rect(0px, 0px, 0px, 0px); height: 1px; width: 1px; margin: -1px; padding: 0px; overflow: hidden; white-space: nowrap; position: absolute;"
      type="radio"
      value=""
    />
    <div
      aria-hidden="true"
      class="css-1hunatm"
    />
  </label>
</DocumentFragment>
`;
