// Jest Snapshot v1, https://goo.gl/fbAQLP

exports[`Stat renders correctly 1`] = `
<DocumentFragment>
  <div
    class="css-1mpfoc5"
  >
    <div
      class="css-iab0ry"
    >
      <p
        class="css-1at342u"
      >
        Sent
      </p>
      <p
        class="css-1e49xj2"
      >
        345,670
      </p>
      <p
        class="css-1iyisxj"
      >
        <svg
          class="css-atvojv"
          focusable="false"
          role="presentation"
          viewBox="0 0 24 24"
        >
          <path
            d="M12.8,5.4c-0.377-0.504-1.223-0.504-1.6,0l-9,12c-0.228,0.303-0.264,0.708-0.095,1.047 C2.275,18.786,2.621,19,3,19h18c0.379,0,0.725-0.214,0.895-0.553c0.169-0.339,0.133-0.744-0.095-1.047L12.8,5.4z"
            fill="currentColor"
          />
        </svg>
        23.36%
      </p>
    </div>
    <div
      class="css-iab0ry"
    >
      <p
        class="css-1at342u"
      >
        Clicked
      </p>
      <p
        class="css-1e49xj2"
      >
        45
      </p>
      <p
        class="css-1iyisxj"
      >
        <svg
          class="css-pknq7d"
          focusable="false"
          role="presentation"
          viewBox="0 0 24 24"
        >
          <path
            d="M21,5H3C2.621,5,2.275,5.214,2.105,5.553C1.937,5.892,1.973,6.297,2.2,6.6l9,12 c0.188,0.252,0.485,0.4,0.8,0.4s0.611-0.148,0.8-0.4l9-12c0.228-0.303,0.264-0.708,0.095-1.047C21.725,5.214,21.379,5,21,5z"
            fill="currentColor"
          />
        </svg>
        9.05%
      </p>
    </div>
  </div>
</DocumentFragment>
`;
