// Jest Snapshot v1, https://goo.gl/fbAQLP

exports[`should render correctly 1`] = `
<div
  className="css-y1gt6f"
>
  welcome
</div>
`;
