// Jest Snapshot v1, https://goo.gl/fbAQLP

exports[`Select renders correctly 1`] = `
<DocumentFragment>
  .emotion-2 {
  width: 100%;
  position: relative;
}

.emotion-0 {
  width: 100%;
  outline: 0;
  position: relative;
  -webkit-appearance: none;
  -moz-appearance: none;
  appearance: none;
  -webkit-transition: all 0.2s;
  transition: all 0.2s;
  padding-right: 1rem;
  padding-bottom: 1px;
  line-height: normal;
  font-size: 1rem;
  padding-left: 1rem;
  height: 2.5rem;
  border-radius: 0.25rem;
  border: 1px solid;
  border-color: inherit;
  background: #FFFFFF;
}

.emotion-0:hover,
.emotion-0[data-hover] {
  border-color: #CBD5E0;
}

.emotion-0[aria-readonly=true],
.emotion-0[readonly],
.emotion-0[data-readonly] {
  box-shadow: none !important;
  -webkit-user-select: all;
  -moz-user-select: all;
  -ms-user-select: all;
  user-select: all;
}

.emotion-0[disabled],
.emotion-0[disabled]:focus,
.emotion-0[disabled]:hover,
.emotion-0[aria-disabled=true],
.emotion-0[aria-disabled=true]:focus,
.emotion-0[aria-disabled=true]:hover,
.emotion-0[data-disabled],
.emotion-0[data-disabled]:focus,
.emotion-0[data-disabled]:hover {
  opacity: 0.4;
  cursor: not-allowed;
}

.emotion-0:focus,
.emotion-0[data-focus] {
  z-index: 1;
  border-color: #3182CE;
  box-shadow: 0 0 0 1px #3182CE;
}

.emotion-0[aria-invalid=true],
.emotion-0[data-invalid] {
  border-color: #E53E3E;
  box-shadow: 0 0 0 1px #E53E3E;
}

.emotion-1 {
  color: currentColor;
  font-size: 1.25rem;
  position: absolute;
  display: -webkit-inline-box;
  display: -webkit-inline-flex;
  display: -ms-inline-flexbox;
  display: inline-flex;
  width: 1.5rem;
  height: 100%;
  -webkit-align-items: center;
  -webkit-box-align: center;
  -ms-flex-align: center;
  align-items: center;
  -webkit-box-pack: center;
  -webkit-justify-content: center;
  -ms-flex-pack: center;
  justify-content: center;
  right: 0.5rem;
  pointer-events: none;
  z-index: 2;
  top: 50%;
  -webkit-transform: translateY(-50%);
  -ms-transform: translateY(-50%);
  transform: translateY(-50%);
}

.emotion-1[disabled],
.emotion-1[disabled]:focus,
.emotion-1[disabled]:hover,
.emotion-1[aria-disabled=true],
.emotion-1[aria-disabled=true]:focus,
.emotion-1[aria-disabled=true]:hover,
.emotion-1[data-disabled],
.emotion-1[data-disabled]:focus,
.emotion-1[data-disabled]:hover {
  opacity: 0.5;
}

<div
    class="chakra-select__wrapper emotion-2"
  >
    <select
      class="chakra-select emotion-0"
    >
      <option
        value=""
      >
        Select an option
      </option>
      <option
        value="a"
      >
        A
      </option>
      <option
        value="b"
      >
        B
      </option>
      <option
        value="c"
      >
        C
      </option>
    </select>
    <div
      class="chakra-select__icon-wrapper emotion-1"
    >
      <svg
        aria-hidden="true"
        class="chakra-select__icon"
        focusable="false"
        role="presentation"
        style="width: 1em; height: 1em; color: currentColor;"
        viewBox="0 0 24 24"
      >
        <path
          d="M16.59 8.59L12 13.17 7.41 8.59 6 10l6 6 6-6z"
          fill="currentColor"
        />
      </svg>
    </div>
  </div>
</DocumentFragment>
`;
