// Jest Snapshot v1, https://goo.gl/fbAQLP

exports[`matches snapshot 1`] = `
<DocumentFragment>
  .emotion-4 {
  width: 100%;
  display: -webkit-box;
  display: -webkit-flex;
  display: -ms-flexbox;
  display: flex;
  -webkit-align-items: center;
  -webkit-box-align: center;
  -ms-flex-align: center;
  align-items: center;
  position: relative;
  overflow: hidden;
  padding-left: 1rem;
  padding-right: 1rem;
  padding-top: 0.75rem;
  padding-bottom: 0.75rem;
  background: #bee3f8;
}

.emotion-1 {
  margin-right: 0.75rem;
  width: 1.25rem;
  height: 1.25rem;
  color: #3182ce;
  display: inherit;
}

.emotion-0 {
  vertical-align: middle;
  display: inline-block;
  line-height: 1em;
  color: currentColor;
  -webkit-flex-shrink: 0;
  -ms-flex-negative: 0;
  flex-shrink: 0;
  width: 100%;
  height: 100%;
}

.emotion-2 {
  font-weight: 700;
  line-height: normal;
}

.emotion-3 {
  display: inline-block;
}

<div
    class="chakra-alert emotion-4"
    role="alert"
  >
    <span
      class="chakra-alert__icon emotion-1"
    >
      <svg
        class="chakra-icon emotion-0"
        focusable="false"
        viewBox="0 0 24 24"
      >
        <path
          d="M12,0A12,12,0,1,0,24,12,12.013,12.013,0,0,0,12,0Zm.25,5a1.5,1.5,0,1,1-1.5,1.5A1.5,1.5,0,0,1,12.25,5ZM14.5,18.5h-4a1,1,0,0,1,0-2h.75a.25.25,0,0,0,.25-.25v-4.5a.25.25,0,0,0-.25-.25H10.5a1,1,0,0,1,0-2h1a2,2,0,0,1,2,2v4.75a.25.25,0,0,0,.25.25h.75a1,1,0,1,1,0,2Z"
          fill="currentColor"
        />
      </svg>
    </span>
    <div
      class="chakra-alert__title emotion-2"
    >
      Alert title
    </div>
    <div
      class="chakra-alert__desc emotion-3"
    >
      Alert description
    </div>
  </div>
</DocumentFragment>
`;
