// Jest Snapshot v1, https://goo.gl/fbAQLP

exports[`matches snapshot 1`] = `
<DocumentFragment>
  .emotion-2 {
  display: -webkit-box;
  display: -webkit-flex;
  display: -ms-flexbox;
  display: flex;
  -webkit-align-items: center;
  -webkit-box-align: center;
  -ms-flex-align: center;
  align-items: center;
  -webkit-box-pack: end;
  -webkit-justify-content: flex-end;
  -ms-flex-pack: end;
  justify-content: flex-end;
  -webkit-flex-direction: row-reverse;
  -ms-flex-direction: row-reverse;
  flex-direction: row-reverse;
}

.emotion-1 {
  border-radius: 9999px;
  border-width: 2px;
  display: -webkit-inline-box;
  display: -webkit-inline-flex;
  display: -ms-inline-flexbox;
  display: inline-flex;
  -webkit-align-items: center;
  -webkit-box-align: center;
  -ms-flex-align: center;
  align-items: center;
  -webkit-box-pack: center;
  -webkit-justify-content: center;
  -ms-flex-pack: center;
  justify-content: center;
  text-align: center;
  text-transform: uppercase;
  font-weight: 500;
  position: relative;
  -webkit-flex-shrink: 0;
  -ms-flex-negative: 0;
  flex-shrink: 0;
  background: #A0AEC0;
  color: #FFFFFF;
  border-color: #FFFFFF;
  vertical-align: top;
  width: 3rem;
  height: 3rem;
  font-size: calc(3rem / 2.5);
  margin-right: 0;
}

.emotion-0 {
  color: #fff;
  width: 100%;
  height: 100%;
}

<div
    class="chakra-avatar__group emotion-2"
    role="group"
  >
    <span
      class="chakra-avatar emotion-1"
    >
      <svg
        class="emotion-0"
        role="img"
        viewBox="0 0 128 128"
      >
        <path
          d="M103,102.1388 C93.094,111.92 79.3504,118 64.1638,118 C48.8056,118 34.9294,111.768 25,101.7892 L25,95.2 C25,86.8096 31.981,80 40.6,80 L87.4,80 C96.019,80 103,86.8096 103,95.2 L103,102.1388 Z"
          fill="currentColor"
        />
        <path
          d="M63.9961647,24 C51.2938136,24 41,34.2938136 41,46.9961647 C41,59.7061864 51.2938136,70 63.9961647,70 C76.6985159,70 87,59.7061864 87,46.9961647 C87,34.2938136 76.6985159,24 63.9961647,24"
          fill="currentColor"
        />
      </svg>
    </span>
  </div>
</DocumentFragment>
`;
