// Jest Snapshot v1, https://goo.gl/fbAQLP

exports[`should match snapshot 1`] = `
<DocumentFragment>
  <div
    data-chakra-editable=""
  >
    <span
      data-chakra-editable-preview=""
      data-testid="preview"
    >
      testing
    </span>
    <input
      data-chakra-editable-input=""
      data-testid="input"
      hidden=""
      value="testing"
    />
  </div>
</DocumentFragment>
`;
