// Jest Snapshot v1, https://goo.gl/fbAQLP

exports[`should render correctly 1`] = `
<DocumentFragment>
  .emotion-6 {
  background: rgba(0,0,0,0.48);
  display: -webkit-box;
  display: -webkit-flex;
  display: -ms-flexbox;
  display: flex;
  -webkit-box-pack: center;
  -webkit-justify-content: center;
  -ms-flex-pack: center;
  justify-content: center;
  -webkit-align-items: flex-start;
  -webkit-box-align: flex-start;
  -ms-flex-align: flex-start;
  align-items: flex-start;
  overflow: auto;
  width: 100vw;
  height: 100vh;
  position: fixed;
  left: 0;
  top: 0;
}

.emotion-6.overlay-enter {
  opacity: 0.01;
}

.emotion-6.overlay-enter-active {
  opacity: 1;
  -webkit-transition-timing-function: cubic-bezier(0,0,.2,1);
  transition-timing-function: cubic-bezier(0,0,.2,1);
  -webkit-transition-property: opacity;
  transition-property: opacity;
  -webkit-transition-duration: 150ms;
  transition-duration: 150ms;
}

.emotion-6.overlay-exit {
  opacity: 1;
}

.emotion-6.overlay-exit-active {
  opacity: 0.01;
  -webkit-transition-timing-function: cubic-bezier(.4,0,1,1);
  transition-timing-function: cubic-bezier(.4,0,1,1);
  -webkit-transition-property: opacity;
  transition-property: opacity;
  -webkit-transition-duration: 100ms;
  transition-duration: 100ms;
}

.emotion-5 {
  border-radius: 0.25rem;
  background: #FFFFFF;
  color: inherit;
  margin-top: 3.75rem;
  margin-bottom: 3.75rem;
  box-shadow: 0 10px 15px -3px rgba(0,0,0,0.1),0 4px 6px -2px rgba(0,0,0,0.05);
  max-width: 28rem;
  display: -webkit-box;
  display: -webkit-flex;
  display: -ms-flexbox;
  display: flex;
  -webkit-flex-direction: column;
  -ms-flex-direction: column;
  flex-direction: column;
  position: relative;
  width: 100%;
  outline: 0;
}

.emotion-5.content-enter,
.emotion-5.content-appear {
  opacity: 0.01;
  -webkit-transform: scale(0.97);
  -ms-transform: scale(0.97);
  transform: scale(0.97);
}

.emotion-5.content-enter-active,
.emotion-5.content-appear-active {
  opacity: 1;
  -webkit-transform: scale(1);
  -ms-transform: scale(1);
  transform: scale(1);
  -webkit-transition-timing-function: cubic-bezier(0,0,.2,1);
  transition-timing-function: cubic-bezier(0,0,.2,1);
  -webkit-transition-property: opacity,-webkit-transform;
  -webkit-transition-property: opacity,transform;
  transition-property: opacity,transform;
  -webkit-transition-duration: 150ms;
  transition-duration: 150ms;
}

.emotion-5.content-exit {
  opacity: 1;
  -webkit-transform: scale(1);
  -ms-transform: scale(1);
  transform: scale(1);
}

.emotion-5.content-exit-active {
  opacity: 0.01;
  -webkit-transform: scale(0.97);
  -ms-transform: scale(0.97);
  transform: scale(0.97);
  -webkit-transition-timing-function: cubic-bezier(.4,0,1,1);
  transition-timing-function: cubic-bezier(.4,0,1,1);
  -webkit-transition-property: opacity,-webkit-transform;
  -webkit-transition-property: opacity,transform;
  transition-property: opacity,transform;
  -webkit-transition-duration: 100ms;
  transition-duration: 100ms;
}

.emotion-0 {
  -webkit-flex: 0;
  -ms-flex: 0;
  flex: 0;
  padding-left: 1.5rem;
  padding-right: 1.5rem;
  padding-top: 1rem;
  padding-bottom: 1rem;
  font-size: 1.25rem;
  font-weight: 600;
}

.emotion-2 {
  border-radius: 0.25rem;
  -webkit-transition: all 0.2s;
  transition: all 0.2s;
  width: 32px;
  height: 32px;
  outline: 0;
  display: -webkit-box;
  display: -webkit-flex;
  display: -ms-flexbox;
  display: flex;
  -webkit-align-items: center;
  -webkit-box-align: center;
  -ms-flex-align: center;
  align-items: center;
  -webkit-box-pack: center;
  -webkit-justify-content: center;
  -ms-flex-pack: center;
  justify-content: center;
  -webkit-flex-shrink: 0;
  -ms-flex-negative: 0;
  flex-shrink: 0;
  position: absolute;
  top: 8px;
  right: 12px;
}

.emotion-2[disabled],
.emotion-2[disabled]:focus,
.emotion-2[disabled]:hover,
.emotion-2[aria-disabled=true],
.emotion-2[aria-disabled=true]:focus,
.emotion-2[aria-disabled=true]:hover,
.emotion-2[data-disabled],
.emotion-2[data-disabled]:focus,
.emotion-2[data-disabled]:hover {
  opacity: 0.4;
  cursor: not-allowed;
  box-shadow: none;
}

.emotion-2:hover,
.emotion-2[data-hover] {
  background: rgba(0,0,0,0.06);
}

.emotion-2:active,
.emotion-2[data-active] {
  background: rgba(0,0,0,0.08);
}

.emotion-2:focus,
.emotion-2[data-focus] {
  box-shadow: 0 0 0 3px rgba(66,153,225,0.6);
}

.emotion-1 {
  font-size: 12px;
  vertical-align: middle;
  display: inline-block;
  line-height: 1em;
  color: currentColor;
  -webkit-flex-shrink: 0;
  -ms-flex-negative: 0;
  flex-shrink: 0;
  width: 1em;
  height: 1em;
}

.emotion-3 {
  padding-left: 1.5rem;
  padding-right: 1.5rem;
  padding-top: 0.5rem;
  padding-bottom: 0.5rem;
  -webkit-flex: 1;
  -ms-flex: 1;
  flex: 1;
}

.emotion-4 {
  display: -webkit-box;
  display: -webkit-flex;
  display: -ms-flexbox;
  display: flex;
  -webkit-align-items: center;
  -webkit-box-align: center;
  -ms-flex-align: center;
  align-items: center;
  -webkit-box-pack: end;
  -webkit-justify-content: flex-end;
  -ms-flex-pack: end;
  justify-content: flex-end;
  -webkit-flex: 0;
  -ms-flex: 0;
  flex: 0;
  padding-left: 1.5rem;
  padding-right: 1.5rem;
  padding-top: 1rem;
  padding-bottom: 1rem;
}

<div
    class="chakra-portal-manager"
  >
    <div
      class="chakra-portal"
    >
      <div
        aria-hidden="true"
        data-aria-hidden="true"
        data-focus-guard="true"
        style="width: 1px; height: 0px; padding: 0px; overflow: hidden; position: fixed; top: 1px; left: 1px;"
        tabindex="0"
      />
      <div
        aria-hidden="true"
        data-aria-hidden="true"
        data-focus-guard="true"
        style="width: 1px; height: 0px; padding: 0px; overflow: hidden; position: fixed; top: 1px; left: 1px;"
        tabindex="1"
      />
      <div
        data-focus-lock-disabled="false"
      >
        <div>
          <div
            class="chakra-modal__overlay emotion-6"
          >
            <section
              aria-describedby="chakra-modal--body-1"
              aria-labelledby="chakra-modal--header-1"
              aria-modal="true"
              class="chakra-modal__content emotion-5 content-appear content-appear-active"
              id="chakra-modal-1"
              role="dialog"
              tabindex="-1"
            >
              <header
                class="chakra-modal__header emotion-0"
                id="chakra-modal--header-1"
              >
                Modal header
              </header>
              <button
                aria-label="Close"
                class="chakra-modal__close-btn emotion-2"
                type="button"
              >
                <svg
                  aria-hidden="true"
                  class="chakra-icon emotion-1"
                  focusable="false"
                  role="presentation"
                  viewBox="0 0 24 24"
                >
                  <path
                    d="M.439,21.44a1.5,1.5,0,0,0,2.122,2.121L11.823,14.3a.25.25,0,0,1,.354,0l9.262,9.263a1.5,1.5,0,1,0,2.122-2.121L14.3,12.177a.25.25,0,0,1,0-.354l9.263-9.262A1.5,1.5,0,0,0,21.439.44L12.177,9.7a.25.25,0,0,1-.354,0L2.561.44A1.5,1.5,0,0,0,.439,2.561L9.7,11.823a.25.25,0,0,1,0,.354Z"
                    fill="currentColor"
                  />
                </svg>
              </button>
              <div
                class="chakra-modal__body emotion-3"
                id="chakra-modal--body-1"
              >
                Modal body
              </div>
              <footer
                class="chakra-modal__footer emotion-4"
              >
                Modal footer
              </footer>
            </section>
          </div>
        </div>
      </div>
      <div
        aria-hidden="true"
        data-aria-hidden="true"
        data-focus-guard="true"
        style="width: 1px; height: 0px; padding: 0px; overflow: hidden; position: fixed; top: 1px; left: 1px;"
        tabindex="0"
      />
    </div>
  </div>
</DocumentFragment>
`;
