// Jest Snapshot v1, https://goo.gl/fbAQLP

exports[`Button renders correctly 1`] = `
<DocumentFragment>
  <div
    data-chakra-accordion=""
  >
    <div
      data-chakra-accordion-item=""
    >
      <button
        aria-controls="accordion-panel-1"
        aria-expanded="false"
        class="css-so65e"
        data-chakra-accordion-button=""
        id="accordion-button-1"
      >
        Section 1 title
      </button>
      <div
        hidden=""
        id="collapse-mock"
      >
        <div
          aria-labelledby="accordion-button-1"
          class="css-t2ecxu"
          data-chakra-accordion-panel=""
          id="accordion-panel-1"
          role="region"
        >
          Panel 1
        </div>
      </div>
    </div>
  </div>
</DocumentFragment>
`;
