// Jest Snapshot v1, https://goo.gl/fbAQLP

exports[`Checkbox renders correctly 1`] = `
<DocumentFragment>
  <label>
    <input
      style="border: 0px; clip: rect(0px, 0px, 0px, 0px); height: 1px; width: 1px; margin: -1px; padding: 0px; overflow: hidden; white-space: nowrap; position: absolute;"
      type="checkbox"
      value=""
    />
    <div
      aria-hidden="true"
    >
      This is custom checkbox
    </div>
  </label>
</DocumentFragment>
`;
