// Jest Snapshot v1, https://goo.gl/fbAQLP

exports[`AvatarGroup renders correctly 1`] = `
<DocumentFragment>
  <div
    class="css-18l6sx6"
  >
    <div
      class="css-1v8mor7"
    >
      <div>
        <svg
          fill="#fff"
          role="img"
          viewBox="0 0 128 128"
        >
          <g>
            <path
              d="M103,102.1388 C93.094,111.92 79.3504,118 64.1638,118 C48.8056,118 34.9294,111.768 25,101.7892 L25,95.2 C25,86.8096 31.981,80 40.6,80 L87.4,80 C96.019,80 103,86.8096 103,95.2 L103,102.1388 Z"
            />
            <path
              d="M63.9961647,24 C51.2938136,24 41,34.2938136 41,46.9961647 C41,59.7061864 51.2938136,70 63.9961647,70 C76.6985159,70 87,59.7061864 87,46.9961647 C87,34.2938136 76.6985159,24 63.9961647,24"
            />
          </g>
        </svg>
      </div>
    </div>
  </div>
</DocumentFragment>
`;
