// Jest Snapshot v1, https://goo.gl/fbAQLP

exports[`Stat renders correctly 1`] = `
<DocumentFragment>
  .emotion-12 {
  display: -webkit-box;
  display: -webkit-flex;
  display: -ms-flexbox;
  display: flex;
  -webkit-flex-wrap: wrap;
  -ms-flex-wrap: wrap;
  flex-wrap: wrap;
  -webkit-box-pack: space-around;
  -webkit-justify-content: space-around;
  -ms-flex-pack: space-around;
  justify-content: space-around;
  -webkit-align-items: flex-start;
  -webkit-box-align: flex-start;
  -ms-flex-align: flex-start;
  align-items: flex-start;
}

.emotion-0 {
  font-weight: 500;
  font-size: 0.875rem;
}

.emotion-1 {
  vertical-align: baseline;
  font-weight: 600;
  font-size: 1.5rem;
  font-feature-settings: pnum;
  font-variant-numeric: proportional-nums;
}

.emotion-4 {
  opacity: 0.8;
  margin-bottom: 0.5rem;
  font-size: 0.875rem;
}

.emotion-2 {
  border: 0px;
  -webkit-clip: rect(0px,0px,0px,0px);
  clip: rect(0px,0px,0px,0px);
  height: 1px;
  width: 1px;
  margin: -1px;
  padding: 0px;
  overflow: hidden;
  white-space: nowrap;
  position: absolute;
}

.emotion-3 {
  width: 14px;
  height: 14px;
  display: inline-block;
  line-height: 1em;
  -webkit-flex-shrink: 0;
  -ms-flex-negative: 0;
  flex-shrink: 0;
  color: #48BB78;
  margin-right: 0.25rem;
  vertical-align: middle;
}

.emotion-9 {
  width: 14px;
  height: 14px;
  display: inline-block;
  line-height: 1em;
  -webkit-flex-shrink: 0;
  -ms-flex-negative: 0;
  flex-shrink: 0;
  color: #F56565;
  margin-right: 0.25rem;
  vertical-align: middle;
}

<div
    class="chakra-stat__group emotion-12"
    role="group"
  >
    <div
      class="chakra-stat emotion-5"
    >
      <dl>
        <dt
          class="chakra-stat__label emotion-0"
        >
          Sent
        </dt>
        <dd
          class="chakra-stat__number emotion-1"
        >
          345,670
        </dd>
        <p
          class="chakra-stat__help-text emotion-4"
        >
          <span
            class="emotion-2"
          >
            increased by
          </span>
          <svg
            aria-hidden="true"
            class="chakra-icon emotion-3"
            focusable="false"
            viewBox="0 0 24 24"
          >
            <path
              d="M12.8,5.4c-0.377-0.504-1.223-0.504-1.6,0l-9,12c-0.228,0.303-0.264,0.708-0.095,1.047 C2.275,18.786,2.621,19,3,19h18c0.379,0,0.725-0.214,0.895-0.553c0.169-0.339,0.133-0.744-0.095-1.047L12.8,5.4z"
              fill="currentColor"
            />
          </svg>
          23.36%
        </p>
      </dl>
    </div>
    <div
      class="chakra-stat emotion-5"
    >
      <dl>
        <dt
          class="chakra-stat__label emotion-0"
        >
          Clicked
        </dt>
        <dd
          class="chakra-stat__number emotion-1"
        >
          45
        </dd>
        <p
          class="chakra-stat__help-text emotion-4"
        >
          <span
            class="emotion-2"
          >
            decreased by
          </span>
          <svg
            aria-hidden="true"
            class="chakra-icon emotion-9"
            focusable="false"
            viewBox="0 0 24 24"
          >
            <path
              d="M21,5H3C2.621,5,2.275,5.214,2.105,5.553C1.937,5.892,1.973,6.297,2.2,6.6l9,12 c0.188,0.252,0.485,0.4,0.8,0.4s0.611-0.148,0.8-0.4l9-12c0.228-0.303,0.264-0.708,0.095-1.047C21.725,5.214,21.379,5,21,5z"
              fill="currentColor"
            />
          </svg>
          9.05%
        </p>
      </dl>
    </div>
  </div>
</DocumentFragment>
`;
