// Jest Snapshot v1, https://goo.gl/fbAQLP

exports[`Dialog renders correctly 1`] = `
<DocumentFragment>
  <div
    class="chakra-portal-manager"
  >
    <div
      class="chakra-portal"
    >
      <div
        aria-hidden="true"
        data-aria-hidden="true"
        data-focus-guard="true"
        style="width: 1px; height: 0px; padding: 0px; overflow: hidden; position: fixed; top: 1px; left: 1px;"
        tabindex="0"
      />
      <div
        aria-hidden="true"
        data-aria-hidden="true"
        data-focus-guard="true"
        style="width: 1px; height: 0px; padding: 0px; overflow: hidden; position: fixed; top: 1px; left: 1px;"
        tabindex="1"
      />
      <div
        data-focus-lock-disabled="false"
      >
        <div
          aria-hidden="true"
          class="css-13vwfqb"
          data-aria-hidden="true"
          data-chakra-dialog-overlay=""
        />
        <section
          aria-describedby="chakra-dialog--body-1"
          aria-labelledby="chakra-dialog--header-1"
          aria-modal="true"
          class="css-1mmk8z2"
          data-chakra-dialog-content=""
          id="chakra-dialog-1"
          role="dialog"
          tabindex="-1"
        >
          <header
            class="css-1kd6u6h"
            data-chakra-dialog-header=""
            id="chakra-dialog--header-1"
          >
            Dialog header
          </header>
          <button
            aria-label="Close"
            class="css-9u5sub"
            type="button"
          >
            <svg
              aria-hidden="true"
              class="css-lhet7y"
              focusable="false"
              role="presentation"
              viewBox="0 0 24 24"
            >
              <path
                d="M.439,21.44a1.5,1.5,0,0,0,2.122,2.121L11.823,14.3a.25.25,0,0,1,.354,0l9.262,9.263a1.5,1.5,0,1,0,2.122-2.121L14.3,12.177a.25.25,0,0,1,0-.354l9.263-9.262A1.5,1.5,0,0,0,21.439.44L12.177,9.7a.25.25,0,0,1-.354,0L2.561.44A1.5,1.5,0,0,0,.439,2.561L9.7,11.823a.25.25,0,0,1,0,.354Z"
                fill="currentColor"
              />
            </svg>
          </button>
          <div
            class="css-5recyo"
            data-chakra-dialog-body=""
            id="chakra-dialog--body-1"
          >
            Dialog body
          </div>
          <footer
            class="css-kz99la"
          >
            Dialog footer
          </footer>
        </section>
      </div>
      <div
        aria-hidden="true"
        data-aria-hidden="true"
        data-focus-guard="true"
        style="width: 1px; height: 0px; padding: 0px; overflow: hidden; position: fixed; top: 1px; left: 1px;"
        tabindex="0"
      />
    </div>
  </div>
</DocumentFragment>
`;
