// Jest Snapshot v1, https://goo.gl/fbAQLP

exports[`it renders correctly 1`] = `
<DocumentFragment>
  <div
    class="css-1upr3a3"
    data-chakra-numberinput=""
    data-testid="root"
  >
    <input
      aria-invalid="false"
      aria-valuemax="Infinity"
      aria-valuemin="-Infinity"
      aria-valuenow="0"
      autocomplete="off"
      autocorrect="off"
      class="css-mzgasn"
      data-chakra-numberinput-input=""
      data-testid="input"
      inputmode="numeric"
      pattern="[0-9]*"
      role="spinbutton"
      type="text"
      value="0"
    />
    <div
      aria-hidden="true"
      class="css-1xu548d"
      data-chakra-numberinput-stepper=""
      data-testid="group"
    >
      <div
        class="css-4efg03"
        data-chakra-numberinput-decrement=""
        data-testid="up-btn"
      >
        +
      </div>
      <div
        class="css-4efg03"
        data-chakra-numberinput-decrement=""
        data-testid="down-btn"
      >
        -
      </div>
    </div>
  </div>
</DocumentFragment>
`;
